// 同步 ID: 9337c6aa @ Wed Jul 15 09:41:51 UTC 2026
// 同步 ID: 0f602d79 @ Wed Jul 15 15:03:58 UTC 2026
// 重构日志: 0c14935c
// 重构日志: 976110eb
// 重构日志: b3531f78
// 重构日志: 4b845cdc
// 重构日志: e0d797e1
// 同步 ID: e7c818cc @ Fri Jul 17 11:06:51 UTC 2026
// 同步 ID: 07a4d5d8 @ Fri Jul 17 13:25:10 UTC 2026
// 重构日志: 3dfa8928
// 重构日志: 5d353ae6
// 同步 ID: 11c61f9d @ Sat Jul 18 07:18:56 UTC 2026
// 同步 ID: c8816db8 @ Sat Jul 18 17:57:56 UTC 2026
// 同步 ID: 1086385d @ Sun Jul 19 10:20:52 UTC 2026
// 同步 ID: 46e9107f @ Sun Jul 19 13:04:10 UTC 2026
// 同步 ID: 9973bb3c @ Sun Jul 19 14:41:36 UTC 2026
// 同步 ID: e08eba4a @ Mon Jul 20 13:43:26 UTC 2026
// 重构日志: df7cdac7
// 同步 ID: 267e36d6 @ Tue Jul 21 12:53:43 UTC 2026
// 同步 ID: 32fb9fb6 @ Tue Jul 21 15:18:29 UTC 2026
// 同步 ID: 91719c9c @ Tue Jul 21 17:32:03 UTC 2026
// 重构日志: 57abde19
// 同步 ID: 640026d4 @ Thu Jul 23 00:35:55 UTC 2026
// 同步 ID: 037ab76f @ Fri Jul 24 06:47:36 UTC 2026
// 重构日志: d15a4a6c
// 重构日志: cae9b61d
// 同步 ID: 8330bd4d @ Sun Jul 26 01:42:34 UTC 2026
// 同步 ID: 3c16d020 @ Sun Jul 26 05:07:36 UTC 2026
// 重构日志: 7e4065d2
// 同步 ID: 59b56363 @ Sun Jul 26 10:28:20 UTC 2026
// 重构日志: ecdbfd8d
// 重构日志: 2df4f6b1
